<html>
<body>
<pre>
<h1>µVision Build Log</h1>
<h2>Tool Versions:</h2>
IDE-Version: µVision V5.22.0.0
Copyright (C) 2016 ARM Ltd and ARM Germany GmbH. All rights reserved.
License Information: Aldo Vargas, UdeG, LIC=----
 
Tool Versions:
Toolchain:       MDK-Lite  Version: 5.22
Toolchain Path:  C:\Keil_v5\ARM\ARMCC\Bin
C Compiler:      Armcc.exe V5.06 update 4 (build 422)
Assembler:       Armasm.exe V5.06 update 4 (build 422)
Linker/Locator:  ArmLink.exe V5.06 update 4 (build 422)
Library Manager: ArmAr.exe V5.06 update 4 (build 422)
Hex Converter:   FromElf.exe V5.06 update 4 (build 422)
CPU DLL:         SARMCM3.DLL V5.22
Dialog DLL:      DCM.DLL V1.13.9.0
Target DLL:      STLink\ST-LINKIII-KEIL_SWO.dll V2.0.18.0
Dialog DLL:      TCM.DLL V1.21.0.0
 
<h2>Project:</h2>
C:\Users\Aldo\Google Drive\Programacion\STM32\STWorkspace\Projects\03 - BCD 7 Seg\BCD.uvprojx
Project File Date:  03/27/2017

<h2>Output:</h2>
*** Using Compiler 'V5.06 update 4 (build 422)', folder: 'C:\Keil_v5\ARM\ARMCC\Bin'
Build target 'BCD'
compiling main.c...
User\SevenSeg.h(13): warning:  #1295-D: Deprecated declaration SevenSeg_Init - give arg types
  void SevenSeg_Init();
User\SevenSeg.h(17): warning:  #1295-D: Deprecated declaration SevenSeg_Clean - give arg types
  void SevenSeg_Clean();
User\main.h(8): warning:  #1295-D: Deprecated declaration gpiod_Init - give arg types
  void gpiod_Init();
User\main.h(9): warning:  #1295-D: Deprecated declaration delay_Init - give arg types
  void delay_Init();
User\main.h(11): warning:  #1295-D: Deprecated declaration button_Init - give arg types
  void button_Init();
User\main.h(12): warning:  #1295-D: Deprecated declaration board_LedInit - give arg types
  void board_LedInit();
User\main.c(45): warning:  #1-D: last line of file ends without a newline
  	
User\main.c: 7 warnings, 0 errors
linking...
Program Size: Code=1992 RO-data=460 RW-data=44 ZI-data=1028  
FromELF: creating hex file...
".\LED.axf" - 0 Error(s), 7 Warning(s).

<h2>Software Packages used:</h2>

Package Vendor: ARM
                http://www.keil.com/pack/ARM.CMSIS.4.3.0.pack
                ARM::CMSIS:CORE:4.1.0
                CMSIS (Cortex Microcontroller Software Interface Standard)
   * Component: CORE Version: 4.1.0

Package Vendor: Keil
                http://www.keil.com/pack/Keil.STM32F4xx_DFP.2.4.0.pack
                Keil::Device:Startup:2.1.0
                STMicroelectronics STM32F4 Series Device Support, Drivers and Examples
   * Component: Startup Version: 2.1.0

<h2>Collection of Component include folders:</h2>
  C:\Users\Aldo\Google Drive\Programacion\STM32\STWorkspace\Projects\03 - BCD 7 Seg\RTE\_BCD
  C:\Keil_v5\ARM\PACK\ARM\CMSIS\4.3.0\CMSIS\Include
  C:\Keil_v5\ARM\PACK\Keil\STM32F4xx_DFP\2.4.0\Drivers\CMSIS\Device\ST\STM32F4xx\Include

<h2>Collection of Component Files used:</h2>

   * Component: ARM::CMSIS:CORE:4.1.0

   * Component: Keil::Device:Startup:2.1.0
      Source file:   Drivers\CMSIS\Device\ST\STM32F4xx\Source\Templates\arm\startup_stm32f429xx.s
      Source file:   MDK\Device\Source\ARM\STM32F4xx_OTP.s
      Include file:  Drivers\CMSIS\Device\ST\STM32F4xx\Include\stm32f4xx.h
      Source file:   MDK\Device\Source\ARM\STM32F42xxx_43xxx_OPT.s
      Source file:   MDK\Device\Source\ARM\system_stm32f4xx.c
Build Time Elapsed:  00:00:03
</pre>
</body>
</html>
